###############################################################################
#
# IAR ELF Linker V3.10.1.201 for STM8                     12/May/2019  12:12:04
# Copyright 2010-2017 IAR Systems AB.
#
#    Output file  =  
#        C:\Users\vadzim\Documents\Projects\1.
#        Electronics\UVTimer\soft\Project\software\EWSTM8\STM8S103\Exe\Project.out
#    Map file     =  
#        C:\Users\vadzim\Documents\Projects\1.
#        Electronics\UVTimer\soft\Project\software\EWSTM8\STM8S103\List\Project.map
#    Command line =  
#        -f C:\Users\vadzim\AppData\Local\Temp\EW4C36.tmp
#        ("C:\Users\vadzim\Documents\Projects\1.
#        Electronics\UVTimer\soft\Project\software\EWSTM8\STM8S103\Obj\main.o"
#        "C:\Users\vadzim\Documents\Projects\1.
#        Electronics\UVTimer\soft\Project\software\EWSTM8\STM8S103\Obj\stm8s_adc1.o"
#        "C:\Users\vadzim\Documents\Projects\1.
#        Electronics\UVTimer\soft\Project\software\EWSTM8\STM8S103\Obj\stm8s_awu.o"
#        "C:\Users\vadzim\Documents\Projects\1.
#        Electronics\UVTimer\soft\Project\software\EWSTM8\STM8S103\Obj\stm8s_beep.o"
#        "C:\Users\vadzim\Documents\Projects\1.
#        Electronics\UVTimer\soft\Project\software\EWSTM8\STM8S103\Obj\stm8s_clk.o"
#        "C:\Users\vadzim\Documents\Projects\1.
#        Electronics\UVTimer\soft\Project\software\EWSTM8\STM8S103\Obj\stm8s_exti.o"
#        "C:\Users\vadzim\Documents\Projects\1.
#        Electronics\UVTimer\soft\Project\software\EWSTM8\STM8S103\Obj\stm8s_flash.o"
#        "C:\Users\vadzim\Documents\Projects\1.
#        Electronics\UVTimer\soft\Project\software\EWSTM8\STM8S103\Obj\stm8s_gpio.o"
#        "C:\Users\vadzim\Documents\Projects\1.
#        Electronics\UVTimer\soft\Project\software\EWSTM8\STM8S103\Obj\stm8s_i2c.o"
#        "C:\Users\vadzim\Documents\Projects\1.
#        Electronics\UVTimer\soft\Project\software\EWSTM8\STM8S103\Obj\stm8s_it.o"
#        "C:\Users\vadzim\Documents\Projects\1.
#        Electronics\UVTimer\soft\Project\software\EWSTM8\STM8S103\Obj\stm8s_itc.o"
#        "C:\Users\vadzim\Documents\Projects\1.
#        Electronics\UVTimer\soft\Project\software\EWSTM8\STM8S103\Obj\stm8s_iwdg.o"
#        "C:\Users\vadzim\Documents\Projects\1.
#        Electronics\UVTimer\soft\Project\software\EWSTM8\STM8S103\Obj\stm8s_rst.o"
#        "C:\Users\vadzim\Documents\Projects\1.
#        Electronics\UVTimer\soft\Project\software\EWSTM8\STM8S103\Obj\stm8s_spi.o"
#        "C:\Users\vadzim\Documents\Projects\1.
#        Electronics\UVTimer\soft\Project\software\EWSTM8\STM8S103\Obj\stm8s_tim1.o"
#        "C:\Users\vadzim\Documents\Projects\1.
#        Electronics\UVTimer\soft\Project\software\EWSTM8\STM8S103\Obj\stm8s_tim2.o"
#        "C:\Users\vadzim\Documents\Projects\1.
#        Electronics\UVTimer\soft\Project\software\EWSTM8\STM8S103\Obj\stm8s_tim4.o"
#        "C:\Users\vadzim\Documents\Projects\1.
#        Electronics\UVTimer\soft\Project\software\EWSTM8\STM8S103\Obj\stm8s_uart1.o"
#        "C:\Users\vadzim\Documents\Projects\1.
#        Electronics\UVTimer\soft\Project\software\EWSTM8\STM8S103\Obj\stm8s_wwdg.o"
#        --redirect _Printf=_PrintfFullNoMb --redirect _Scanf=_ScanfFullNoMb -o
#        "C:\Users\vadzim\Documents\Projects\1.
#        Electronics\UVTimer\soft\Project\software\EWSTM8\STM8S103\Exe\Project.out"
#        --map "C:\Users\vadzim\Documents\Projects\1.
#        Electronics\UVTimer\soft\Project\software\EWSTM8\STM8S103\List\Project.map"
#        --config "C:\Program Files (x86)\IAR Systems\Embedded Workbench
#        8.0\stm8\config\lnkstm8s103f3.icf" --config_def _CSTACK_SIZE=0x100
#        --config_def _HEAP_SIZE=0x100 --entry __iar_program_start --debug_lib)
#
###############################################################################

*******************************************************************************
*** RUNTIME MODEL ATTRIBUTES
***

__SystemLibrary            = DLib
__code_model               = medium_or_large
__core                     = stm8
__data_model               = medium
__dlib_file_descriptor     = 0
__dlib_full_locale_support = 0
__rt_version               = 4


*******************************************************************************
*** PLACEMENT SUMMARY
***

"A0":  place at start of [0x000000-0x0000ff] { rw section .vregs };
"A1":  place at end of [0x000000-0x0003ff] { block CSTACK };
"P2":  place in [from 0x000000 to 0x0003ff] {
          block HEAP, rw section __DLIB_PERTHREAD, rw section .far.bss,
          rw section .far.data, rw section .far.noinit,
          rw section .far_func.textrw, rw section .huge.bss,
          rw section .huge.data, rw section .huge.noinit,
          rw section .huge_func.textrw, rw section .iar.dynexit,
          rw section .near.bss, rw section .near.data, rw section .near.noinit,
          rw section .near_func.textrw };
"A2":  place at start of [0x008000-0x009fff] { block INTVEC };
"P3":  place in [from 0x008000 to 0x009fff] {
          ro section __DLIB_PERTHREAD_init, ro section .far.data_init,
          ro section .far_func.textrw_init, ro section .huge.data_init,
          ro section .huge_func.textrw_init, ro section .iar.init_table,
          ro section .init_array, ro section .near.data_init,
          ro section .near.rodata, ro section .near_func.text,
          ro section .near_func.textrw_init, ro section .tiny.data_init,
          ro section .tiny.rodata_init };
"P4":  place in [from 0x008000 to 0x009fff] {
          ro section .far.rodata, ro section .far_func.text };
"P5":  place in [from 0x008000 to 0x009fff] {
          ro section .huge.rodata, ro section .huge_func.text };
do not initialize {
   rw section .eeprom.noinit, rw section .far.noinit, rw section .huge.noinit,
   rw section .near.noinit, rw section .tiny.noinit, rw section .vregs };

  Section          Kind      Address    Size  Object
  -------          ----      -------    ----  ------
"A0":                                   0x10
  .vregs           uninit   0x000000    0x10  vregs.o [4]
                          - 0x000010    0x10

"P2":                                   0x19
  .near.bss        zero     0x000010    0x15  main.o [1]
  .near.bss        zero     0x000025     0x4  main.o [1]
                          - 0x000029    0x19

"A1":                                  0x100
  CSTACK                    0x000300   0x100  <Block>
    CSTACK         uninit   0x000300   0x100  <Block tail>
                          - 0x000400   0x100

"A2":                                   0x80
  INTVEC                    0x008000    0x80  <Block>
    .intvec        const    0x008000    0x80  interrupt.o [4]
                          - 0x008080    0x80

"P3-P5":                              0x180a
  .far_func.text   ro code  0x008080   0x33e  main.o [1]
  .far_func.text   ro code  0x0083be   0x2f0  stm8s_it.o [1]
  .far_func.text   ro code  0x0086ae   0x135  stm8s_it.o [1]
  .far_func.text   ro code  0x0087e3   0x134  stm8s_clk.o [1]
  .far_func.text   ro code  0x008917   0x120  main.o [1]
  .far_func.text   ro code  0x008a37   0x112  stm8s_gpio.o [1]
  .far_func.text   ro code  0x008b49    0xe6  vreg_util.o [4]
  .far_func.text   ro code  0x008c2f    0xe3  stm8s_clk.o [1]
  .far_func.text   ro code  0x008d12    0xd3  stm8s_exti.o [1]
  .far_func.text   ro code  0x008de5    0xcf  long.o [4]
  .far_func.text   ro code  0x008eb4    0xc1  main.o [1]
  .far_func.text   ro code  0x008f75    0x99  stm8s_tim1.o [1]
  .far_func.text   ro code  0x00900e    0x7e  stm8s_flash.o [1]
  .near.rodata     const    0x00908c    0x79  stm8s_flash.o [1]
  .near.rodata     const    0x009105    0x78  stm8s_exti.o [1]
  .near.rodata     const    0x00917d    0x78  stm8s_gpio.o [1]
  .near.rodata     const    0x0091f5    0x78  stm8s_tim1.o [1]
  .near.rodata     const    0x00926d    0x78  stm8s_tim2.o [1]
  .near.rodata     const    0x0092e5    0x77  stm8s_clk.o [1]
  .far_func.text   ro code  0x00935c    0x64  stm8s_tim1.o [1]
  .far_func.text   ro code  0x0093c0    0x59  stm8s_tim2.o [1]
  .far_func.text   ro code  0x009419    0x56  stm8s_flash.o [1]
  .far_func.text   ro code  0x00946f    0x56  stm8s_tim2.o [1]
  .far_func.text   ro code  0x0094c5    0x50  stm8s_tim1.o [1]
  .far_func.text   ro code  0x009515    0x3e  stm8s_clk.o [1]
  .far_func.text   ro code  0x009553    0x3c  stm8s_flash.o [1]
  .far_func.text   ro code  0x00958f    0x36  stm8s_clk.o [1]
  .far_func.text   ro code  0x0095c5    0x34  long_util.o [4]
  .far_func.text   ro code  0x0095f9    0x30  stm8s_tim1.o [1]
  .far_func.text   ro code  0x009629    0x30  stm8s_tim2.o [1]
  .far_func.text   ro code  0x009659    0x2e  main.o [1]
  .far_func.text   ro code  0x009687    0x2c  stm8s_flash.o [1]
  .far_func.text   ro code  0x0096b3    0x2c  dc_util.o [4]
  .far_func.text   ro code  0x0096df    0x28  main.o [1]
  .far_func.text   ro code  0x009707    0x28  stm8s_tim2.o [1]
  .far_func.text   ro code  0x00972f    0x22  stm8s_tim1.o [1]
  .far_func.text   ro code  0x009751    0x21  stm8s_it.o [1]
  .iar.init_table  const    0x009772     0x9  - Linker created -
  .far_func.text   ro code  0x00977b    0x20  main.o [1]
  .far_func.text   ro code  0x00979b    0x1e  init.o [4]
  .far_func.text   ro code  0x0097b9    0x1e  init_small.o [4]
  .far_func.text   ro code  0x0097d7    0x19  main.o [1]
  .far_func.text   ro code  0x0097f0    0x17  cstartup.o [4]
  .far_func.text   ro code  0x009807    0x16  __dbg_xxexit.o [3]
  .far_func.text   ro code  0x00981d    0x10  stm8s_tim2.o [1]
  .far_func.text   ro code  0x00982d     0xe  far_util.o [4]
  .far_func.text   ro code  0x00983b     0x8  stm8s_gpio.o [1]
  .far_func.text   ro code  0x009843     0x8  short.o [4]
  .far_func.text   ro code  0x00984b     0x7  stm8s_gpio.o [1]
  .far_func.text   ro code  0x009852     0x7  stm8s_gpio.o [1]
  .far_func.text   ro code  0x009859     0x6  char.o [4]
  .far_func.text   ro code  0x00985f     0x6  cexit.o [4]
  .far_func.text   ro code  0x009865     0x4  interrupt.o [4]
  .far_func.text   ro code  0x009869     0x4  exit.o [4]
  .far_func.text   ro code  0x00986d     0x3  stm8s_gpio.o [1]
  .far_func.text   ro code  0x009870     0x3  low_level_init.o [4]
  .far_func.text   ro code  0x009873     0x3  unhandled_exception.o [4]
  .far_func.text   ro code  0x009876     0x2  main.o [1]
  .far_func.text   ro code  0x009878     0x1  stm8s_it.o [1]
  .far_func.text   ro code  0x009879     0x1  stm8s_it.o [1]
  .far_func.text   ro code  0x00987a     0x1  stm8s_it.o [1]
  .far_func.text   ro code  0x00987b     0x1  stm8s_it.o [1]
  .far_func.text   ro code  0x00987c     0x1  stm8s_it.o [1]
  .far_func.text   ro code  0x00987d     0x1  stm8s_it.o [1]
  .far_func.text   ro code  0x00987e     0x1  stm8s_it.o [1]
  .far_func.text   ro code  0x00987f     0x1  stm8s_it.o [1]
  .far_func.text   ro code  0x009880     0x1  stm8s_it.o [1]
  .far_func.text   ro code  0x009881     0x1  stm8s_it.o [1]
  .far_func.text   ro code  0x009882     0x1  stm8s_it.o [1]
  .far_func.text   ro code  0x009883     0x1  stm8s_it.o [1]
  .far_func.text   ro code  0x009884     0x1  stm8s_it.o [1]
  .far_func.text   ro code  0x009885     0x1  stm8s_it.o [1]
  .far_func.text   ro code  0x009886     0x1  stm8s_it.o [1]
  .far_func.text   ro code  0x009887     0x1  stm8s_it.o [1]
  .far_func.text   ro code  0x009888     0x1  stm8s_it.o [1]
  .far_func.text   ro code  0x009889     0x1  __dbg_break.o [3]
                          - 0x00988a  0x180a


*******************************************************************************
*** INIT TABLE
***

          Address   Size
          -------   ----
Zero (__iar_zero_init2)
    1 destination range, total size 0x19:
          0x000010  0x19



*******************************************************************************
*** MODULE SUMMARY
***

    Module                 ro code  ro data  rw data
    ------                 -------  -------  -------
C:\Users\vadzim\Documents\Projects\1. Electronics\UVTimer\soft\Project\software\EWSTM8\STM8S103\Obj: [1]
    main.o                   1 456                25
    stm8s_clk.o                651      119
    stm8s_exti.o               211      120
    stm8s_flash.o              316      121
    stm8s_gpio.o               299      120
    stm8s_it.o               1 111
    stm8s_tim1.o               415      120
    stm8s_tim2.o               279      120
    ------------------------------------------------
    Total:                   4 738      720       25

command line: [2]
    ------------------------------------------------
    Total:

dbgstm8mmd.a: [3]
    __dbg_break.o                1
    __dbg_xxexit.o              22
    ------------------------------------------------
    Total:                      23

dlstm8mmn.a: [4]
    cexit.o                      6
    char.o                       6
    cstartup.o                  23
    dc_util.o                   44
    exit.o                       4
    far_util.o                  14
    init.o                      30
    init_small.o                30
    interrupt.o                  4      128
    long.o                     207
    long_util.o                 52
    low_level_init.o             3
    short.o                      8
    unhandled_exception.o        3
    vreg_util.o                230
    vregs.o                                       16
    ------------------------------------------------
    Total:                     664      128       16

    Linker created                        9      256
----------------------------------------------------
    Grand Total:             5 425      857      297


*******************************************************************************
*** ENTRY LIST
***

Entry                    Address   Size  Type      Object
-----                    -------   ----  ----      ------
.iar.init_table$$Base   0x009772          --   Gb  - Linker created -
.iar.init_table$$Limit  0x00977b          --   Gb  - Linker created -
?add32_l0_l0_0x         0x008e14         Code  Gb  long.o [4]
?add32_l0_l0_l1         0x008e11         Code  Gb  long.o [4]
?b0                     0x000000         Data  Gb  vregs.o [4]
?b1                     0x000001         Data  Gb  vregs.o [4]
?b10                    0x00000a         Data  Gb  vregs.o [4]
?b11                    0x00000b         Data  Gb  vregs.o [4]
?b12                    0x00000c         Data  Gb  vregs.o [4]
?b13                    0x00000d         Data  Gb  vregs.o [4]
?b14                    0x00000e         Data  Gb  vregs.o [4]
?b15                    0x00000f         Data  Gb  vregs.o [4]
?b2                     0x000002         Data  Gb  vregs.o [4]
?b3                     0x000003         Data  Gb  vregs.o [4]
?b4                     0x000004         Data  Gb  vregs.o [4]
?b5                     0x000005         Data  Gb  vregs.o [4]
?b6                     0x000006         Data  Gb  vregs.o [4]
?b7                     0x000007         Data  Gb  vregs.o [4]
?b8                     0x000008         Data  Gb  vregs.o [4]
?b9                     0x000009         Data  Gb  vregs.o [4]
?dc32_l1                0x0096b3         Code  Gb  dc_util.o [4]
?dec32_0x_0x            0x008dfd         Code  Gb  long.o [4]
?dec32_l0_l0            0x008df8         Code  Gb  long.o [4]
?e0                     0x000001         Data  Gb  vregs.o [4]
?e1                     0x000005         Data  Gb  vregs.o [4]
?e2                     0x000009         Data  Gb  vregs.o [4]
?e3                     0x00000d         Data  Gb  vregs.o [4]
?epilogue_l2            0x008bf5         Code  Gb  vreg_util.o [4]
?epilogue_l2_l3         0x008bf1         Code  Gb  vreg_util.o [4]
?epilogue_l2_w6         0x008bfa         Code  Gb  vreg_util.o [4]
?epilogue_w4            0x008c03         Code  Gb  vreg_util.o [4]
?inc32_0x_0x            0x008dea         Code  Gb  long.o [4]
?inc32_l0_l0            0x008de5         Code  Gb  long.o [4]
?l0                     0x000000         Data  Gb  vregs.o [4]
?l1                     0x000004         Data  Gb  vregs.o [4]
?l2                     0x000008         Data  Gb  vregs.o [4]
?l3                     0x00000c         Data  Gb  vregs.o [4]
?load24_e1_0x           0x00982d         Code  Gb  far_util.o [4]
?load32_0x_l0           0x0095dd         Code  Gb  long_util.o [4]
?load32_0x_l2           0x0095eb         Code  Gb  long_util.o [4]
?load32_l0_0x           0x0095c5         Code  Gb  long_util.o [4]
?load32_l1_0x           0x0095d1         Code  Gb  long_util.o [4]
?mov_e0_e2              0x008c0b         Code  Gb  vreg_util.o [4]
?mov_e2_e0              0x008c18         Code  Gb  vreg_util.o [4]
?mov_e2_e1              0x008c25         Code  Gb  vreg_util.o [4]
?mov_l0_l2              0x008c08         Code  Gb  vreg_util.o [4]
?mov_l2_l0              0x008c15         Code  Gb  vreg_util.o [4]
?mov_l2_l1              0x008c22         Code  Gb  vreg_util.o [4]
?mov_w1_w5              0x008c0e         Code  Gb  vreg_util.o [4]
?mov_w5_w1              0x008c1b         Code  Gb  vreg_util.o [4]
?mov_w5_w3              0x008c28         Code  Gb  vreg_util.o [4]
?pop_l0                 0x008bb9         Code  Gb  vreg_util.o [4]
?pop_l1                 0x008bc4         Code  Gb  vreg_util.o [4]
?pop_l2                 0x008bcf         Code  Gb  vreg_util.o [4]
?pop_l3                 0x008bda         Code  Gb  vreg_util.o [4]
?pop_w4                 0x008b6a         Code  Gb  vreg_util.o [4]
?pop_w6                 0x008b71         Code  Gb  vreg_util.o [4]
?push_l0                0x008b84         Code  Gb  vreg_util.o [4]
?push_l1                0x008b89         Code  Gb  vreg_util.o [4]
?push_l2                0x008b8e         Code  Gb  vreg_util.o [4]
?push_l3                0x008b93         Code  Gb  vreg_util.o [4]
?push_w4                0x008b49         Code  Gb  vreg_util.o [4]
?push_w6                0x008b4e         Code  Gb  vreg_util.o [4]
?sll16_x_x_a            0x009843         Code  Gb  short.o [4]
?sll32_0x_0x_a          0x008ea6         Code  Gb  long.o [4]
?sll32_l0_l0_a          0x008ea3         Code  Gb  long.o [4]
?sll8_a_a_5             0x00985a         Code  Gb  char.o [4]
?sll8_a_a_6             0x009859         Code  Gb  char.o [4]
?udiv32_l0_l0_dl        0x008e32         Code  Gb  long.o [4]
?udiv32_l0_l0_l1        0x008e36         Code  Gb  long.o [4]
?umod32_l1_l0_dl        0x008e2c         Code  Gb  long.o [4]
?umod32_l1_l0_l1        0x008e36         Code  Gb  long.o [4]
?w0                     0x000000         Data  Gb  vregs.o [4]
?w1                     0x000002         Data  Gb  vregs.o [4]
?w2                     0x000004         Data  Gb  vregs.o [4]
?w3                     0x000006         Data  Gb  vregs.o [4]
?w4                     0x000008         Data  Gb  vregs.o [4]
?w5                     0x00000a         Data  Gb  vregs.o [4]
?w6                     0x00000c         Data  Gb  vregs.o [4]
?w7                     0x00000e         Data  Gb  vregs.o [4]
ADC1_IRQHandler         0x009886    0x1  Code  Gb  stm8s_it.o [1]
AWU_IRQHandler          0x00987a    0x1  Code  Gb  stm8s_it.o [1]
CLK_ClockSwitchConfig   0x0087e3  0x134  Code  Gb  stm8s_clk.o [1]
CLK_Config              0x0097d7   0x19  Code  Lc  main.o [1]
CLK_DeInit              0x00958f   0x36  Code  Gb  stm8s_clk.o [1]
CLK_HSIPrescalerConfig  0x009515   0x3e  Code  Gb  stm8s_clk.o [1]
CLK_IRQHandler          0x00987b    0x1  Code  Gb  stm8s_it.o [1]
CLK_PeripheralClockConfig
                        0x008c2f   0xe3  Code  Gb  stm8s_clk.o [1]
CSTACK$$Base            0x000300          --   Gb  - Linker created -
CSTACK$$Limit           0x000400          --   Gb  - Linker created -
EEPROM_EEC_IRQHandler   0x009888    0x1  Code  Gb  stm8s_it.o [1]
EXTI_PORTA_IRQHandler   0x00987c    0x1  Code  Gb  stm8s_it.o [1]
EXTI_PORTB_IRQHandler   0x00987d    0x1  Code  Gb  stm8s_it.o [1]
EXTI_PORTC_IRQHandler   0x00987e    0x1  Code  Gb  stm8s_it.o [1]
EXTI_PORTD_IRQHandler   0x0083be  0x2f0  Code  Gb  stm8s_it.o [1]
EXTI_PORTE_IRQHandler   0x00987f    0x1  Code  Gb  stm8s_it.o [1]
EXTI_SetExtIntSensitivity
                        0x008d12   0xd3  Code  Gb  stm8s_exti.o [1]
FLASH_Lock              0x009687   0x2c  Code  Gb  stm8s_flash.o [1]
FLASH_ProgramWord       0x00900e   0x7e  Code  Gb  stm8s_flash.o [1]
FLASH_ReadByte          0x009419   0x56  Code  Gb  stm8s_flash.o [1]
FLASH_Unlock            0x009553   0x3c  Code  Gb  stm8s_flash.o [1]
GPIO_Config             0x008eb4   0xc1  Code  Lc  main.o [1]
GPIO_Init               0x008a37  0x112  Code  Gb  stm8s_gpio.o [1]
GPIO_ReadInputData      0x00986d    0x3  Code  Gb  stm8s_gpio.o [1]
GPIO_ReadInputPin       0x009852    0x7  Code  Gb  stm8s_gpio.o [1]
GPIO_WriteHigh          0x00984b    0x7  Code  Gb  stm8s_gpio.o [1]
GPIO_WriteLow           0x00983b    0x8  Code  Gb  stm8s_gpio.o [1]
I2C_IRQHandler          0x009885    0x1  Code  Gb  stm8s_it.o [1]
INTVEC$$Base            0x008000          --   Gb  - Linker created -
INTVEC$$Limit           0x008080          --   Gb  - Linker created -
Region$$Table$$Base     0x009772          --   Gb  - Linker created -
Region$$Table$$Limit    0x00977b          --   Gb  - Linker created -
SPI_IRQHandler          0x009880    0x1  Code  Gb  stm8s_it.o [1]
TIM1_CAP_COM_IRQHandler
                        0x009881    0x1  Code  Gb  stm8s_it.o [1]
TIM1_ClearITPendingBit  0x00972f   0x22  Code  Gb  stm8s_tim1.o [1]
TIM1_Cmd                0x0095f9   0x30  Code  Gb  stm8s_tim1.o [1]
TIM1_Config             0x009659   0x2e  Code  Lc  main.o [1]
TIM1_DeInit             0x008f75   0x99  Code  Gb  stm8s_tim1.o [1]
TIM1_ITConfig           0x0094c5   0x50  Code  Gb  stm8s_tim1.o [1]
TIM1_TimeBaseInit       0x00935c   0x64  Code  Gb  stm8s_tim1.o [1]
TIM1_UPD_OVF_TRG_BRK_IRQHandler
                        0x0086ae  0x135  Code  Gb  stm8s_it.o [1]
TIM2_CAP_COM_IRQHandler
                        0x009882    0x1  Code  Gb  stm8s_it.o [1]
TIM2_ClearITPendingBit  0x009707   0x28  Code  Gb  stm8s_tim2.o [1]
TIM2_Cmd                0x009629   0x30  Code  Gb  stm8s_tim2.o [1]
TIM2_Config             0x0096df   0x28  Code  Lc  main.o [1]
TIM2_DeInit             0x0093c0   0x59  Code  Gb  stm8s_tim2.o [1]
TIM2_ITConfig           0x00946f   0x56  Code  Gb  stm8s_tim2.o [1]
TIM2_TimeBaseInit       0x00981d   0x10  Code  Gb  stm8s_tim2.o [1]
TIM2_UPD_OVF_BRK_IRQHandler
                        0x009751   0x21  Code  Gb  stm8s_it.o [1]
TIM4_UPD_OVF_IRQHandler
                        0x009887    0x1  Code  Gb  stm8s_it.o [1]
TLI_IRQHandler          0x009879    0x1  Code  Gb  stm8s_it.o [1]
TRAP_IRQHandler         0x009878    0x1  Code  Gb  stm8s_it.o [1]
UART1_RX_IRQHandler     0x009884    0x1  Code  Gb  stm8s_it.o [1]
UART1_TX_IRQHandler     0x009883    0x1  Code  Gb  stm8s_it.o [1]
__DebugBreak            0x009889    0x1  Code  Gb  __dbg_break.o [3]
__exit                  0x009807   0x16  Code  Gb  __dbg_xxexit.o [3]
__iar_data_init2        0x00979b   0x1e  Code  Gb  init.o [4]
__iar_program_start     0x0097f0         Code  Gb  cstartup.o [4]
__iar_unhandled_exception
                        0x009873         Code  Gb  unhandled_exception.o [4]
__iar_zero_init2        0x0097b9         Code  Gb  init_small.o [4]
__intvec                0x008000         Data  Gb  interrupt.o [4]
__low_level_init        0x009870    0x3  Code  Gb  low_level_init.o [4]
_exit                   0x00985f         Code  Gb  cexit.o [4]
_interrupt_1            0x009878         Code  Gb  stm8s_it.o [1]
_interrupt_12           0x009880         Code  Gb  stm8s_it.o [1]
_interrupt_13           0x0086ae         Code  Gb  stm8s_it.o [1]
_interrupt_14           0x009881         Code  Gb  stm8s_it.o [1]
_interrupt_15           0x009751         Code  Gb  stm8s_it.o [1]
_interrupt_16           0x009882         Code  Gb  stm8s_it.o [1]
_interrupt_19           0x009883         Code  Gb  stm8s_it.o [1]
_interrupt_2            0x009879         Code  Gb  stm8s_it.o [1]
_interrupt_20           0x009884         Code  Gb  stm8s_it.o [1]
_interrupt_21           0x009885         Code  Gb  stm8s_it.o [1]
_interrupt_24           0x009886         Code  Gb  stm8s_it.o [1]
_interrupt_25           0x009887         Code  Gb  stm8s_it.o [1]
_interrupt_26           0x009888         Code  Gb  stm8s_it.o [1]
_interrupt_3            0x00987a         Code  Gb  stm8s_it.o [1]
_interrupt_4            0x00987b         Code  Gb  stm8s_it.o [1]
_interrupt_5            0x00987c         Code  Gb  stm8s_it.o [1]
_interrupt_6            0x00987d         Code  Gb  stm8s_it.o [1]
_interrupt_7            0x00987e         Code  Gb  stm8s_it.o [1]
_interrupt_8            0x0083be         Code  Gb  stm8s_it.o [1]
_interrupt_9            0x00987f         Code  Gb  stm8s_it.o [1]
assert_failed           0x009876    0x2  Code  Gb  main.o [1]
exit                    0x009869    0x4  Code  Gb  exit.o [4]
ledDisplay              0x000025    0x4  Data  Gb  main.o [1]
main                    0x008917  0x120  Code  Gb  main.o [1]
seven_segment           0x008080  0x33e  Code  Gb  main.o [1]
store_set               0x00977b   0x20  Code  Gb  main.o [1]
uvTimer                 0x000010   0x15  Data  Gb  main.o [1]


[1] = C:\Users\vadzim\Documents\Projects\1. Electronics\UVTimer\soft\Project\software\EWSTM8\STM8S103\Obj
[2] = command line
[3] = dbgstm8mmd.a
[4] = dlstm8mmn.a

  5 425 bytes of readonly  code memory
    857 bytes of readonly  data memory
    297 bytes of readwrite data memory

Errors: none
Warnings: none
